// Jest Snapshot v1, https://goo.gl/fbAQLP

exports[`<Button /> renders correctly 1`] = `
<button
  className="btn  undefined invert btn label-less"
  type="button"
>
  <div
    className=" btn-content-container btn-reverse"
  />
</button>
`;
