// Jest Snapshot v1, https://goo.gl/fbAQLP

exports[`ErrorBoundary Component renders correctly 1`] = `
<Card>
  App
</Card>
`;
