// Jest Snapshot v1, https://goo.gl/fbAQLP

exports[`<ToggleButton /> renders correctly 1`] = `
<label
  className="switch "
>
  <input
    type="checkbox"
  />
  <span
    className="slider round"
  />
</label>
`;
