// Jest Snapshot v1, https://goo.gl/fbAQLP

exports[`<Loader /> renders correctly 1`] = `
<div
  className="loading-container"
>
  <img
    alt="loader"
    src="IMAGE_MOCK"
  />
</div>
`;
